// Jest Snapshot v1, https://goo.gl/fbAQLP

exports[`Search Form Rendering Test 1`] = `
<div
  className="content-container"
>
  <form
    className="form"
    onSubmit={[Function]}
  >
    <div
      className="form__input"
    >
      <label>
        Artist Names
      </label>
      <input
        autoFocus={true}
        className="text-input"
        onChange={[Function]}
        placeholder="Names"
        type="text"
        value=""
      />
    </div>
    <div
      className="form__input"
    >
      <label>
        Song Names
      </label>
      <input
        autoFocus={true}
        className="text-input"
        onChange={[Function]}
        placeholder="Names"
        type="text"
        value=""
      />
    </div>
    <div
      className="form__input"
    >
      <label>
        Lead Tuning
      </label>
      <input
        autoFocus={true}
        className="text-input"
        onChange={[Function]}
        placeholder="Lead Tuning"
        type="text"
        value=""
      />
    </div>
    <div
      className="form__input"
    >
      <label>
        Rhythm Tunings
      </label>
      <input
        autoFocus={true}
        className="text-input"
        onChange={[Function]}
        placeholder="Rhythm Tunings"
        type="text"
        value=""
      />
    </div>
    <div
      className="form__input"
    >
      <label>
        Bass Tuning
      </label>
      <input
        autoFocus={true}
        className="text-input"
        onChange={[Function]}
        placeholder="Bass Tuning"
        type="text"
        value=""
      />
    </div>
    <div
      className="buttons"
    >
      <button
        className="button"
        onClick={[Function]}
      >
        Reset
      </button>
      <button
        className="button"
      >
        Submit
      </button>
    </div>
  </form>
</div>
`;
